[00:41:44] warm-up
[00:42:44] short in=256 out=64 prefix=0 C=16 prompts=64
n_ds4_tp4_b12x	short	256	64	0	16	64	6.7	9.58	613	3066	2453	364	521	20.7	25.8	64
[00:43:02] short in=256 out=64 prefix=0 C=64 prompts=128
n_ds4_tp4_b12x	short	256	64	0	64	128	16.7	7.66	490	2451	1961	4797	10935	56.2	177.3	128
[00:43:31] short in=256 out=64 prefix=0 C=256 prompts=256
n_ds4_tp4_b12x	short	256	64	0	256	256	9.0	28.54	1827	9134	7307	3404	5721	86.0	128.5	256
[00:43:52] router in=1024 out=128 prefix=0 C=16 prompts=64
n_ds4_tp4_b12x	router	1024	128	0	16	64	16.3	3.93	504	4533	4029	1007	1450	24.0	30.3	64
[00:44:20] router in=1024 out=128 prefix=0 C=64 prompts=128
n_ds4_tp4_b12x	router	1024	128	0	64	128	18.6	6.87	880	7919	7039	2616	5387	52.4	68.7	128
[00:44:51] router in=1024 out=128 prefix=0 C=256 prompts=256
n_ds4_tp4_b12x	router	1024	128	0	256	256	27.6	9.26	1186	10671	9486	11002	21110	126.4	199.5	256
[00:45:32] promptopt in=512 out=256 prefix=3072 C=16 prompts=64
n_ds4_tp4_b12x	promptopt	512	256	3072	16	64	23.9	2.68	686	10285	9600	799	1269	20.3	22.4	64
[00:46:08] promptopt in=512 out=256 prefix=3072 C=64 prompts=128
n_ds4_tp4_b12x	promptopt	512	256	3072	64	128	31.9	4.02	1028	15419	14391	2586	11843	52.3	76.9	128
[00:46:54] promptopt in=512 out=256 prefix=3072 C=256 prompts=256
n_ds4_tp4_b12x	promptopt	512	256	3072	256	256	25.5	10.05	2572	38582	36010	6545	11713	73.1	92.8	256
[00:47:36] judge in=4096 out=512 prefix=0 C=16 prompts=64
n_ds4_tp4_b12x	judge	4096	512	0	16	64	62.8	1.02	522	4695	4174	2433	5393	25.9	30.1	64
[00:48:51] judge in=4096 out=512 prefix=0 C=64 prompts=128
n_ds4_tp4_b12x	judge	4096	512	0	64	128	75.4	1.7	869	7821	6952	6816	21303	60.1	71.7	128
[00:50:22] judge in=4096 out=512 prefix=0 C=128 prompts=128
n_ds4_tp4_b12x	judge	4096	512	0	128	128	63.7	2.01	1029	9265	8235	22101	42827	79.6	118.0	128
[00:51:41] rollout in=8192 out=2048 prefix=0 C=16 prompts=32
n_ds4_tp4_b12x	rollout	8192	2048	0	16	32	106.7	0.3	614	3072	2457	4671	10804	23.7	26.1	32
[00:53:40] rollout in=8192 out=2048 prefix=0 C=64 prompts=64
n_ds4_tp4_b12x	rollout	8192	2048	0	64	64	112.2	0.57	1168	5840	4672	22045	42487	43.7	53.2	64
[00:55:48] PROBE DONE n_ds4_tp4_b12x
