[17:51:33] warm-up
[17:52:08] short in=256 out=64 prefix=0 C=16 prompts=64
ds4flash_tp4_b12xmoe	short	256	64	0	16	64	6.6	9.63	616	3082	2465	456	569	19.1	25.1	64
[17:52:21] short in=256 out=64 prefix=0 C=64 prompts=128
ds4flash_tp4_b12xmoe	short	256	64	0	64	128	8.0	16.0	1024	5120	4096	1218	1950	43.8	57.9	128
[17:52:36] short in=256 out=64 prefix=0 C=256 prompts=256
ds4flash_tp4_b12xmoe	short	256	64	0	256	256	10.9	23.5	1504	7520	6016	4152	7228	104.5	159.0	256
[17:52:54] router in=1024 out=128 prefix=0 C=16 prompts=64
ds4flash_tp4_b12xmoe	router	1024	128	0	16	64	16.6	3.86	495	4451	3957	1260	1828	22.7	31.2	64
[17:53:17] router in=1024 out=128 prefix=0 C=64 prompts=128
ds4flash_tp4_b12xmoe	router	1024	128	0	64	128	22.4	5.71	731	6578	5848	3340	7006	61.6	83.6	128
[17:53:47] router in=1024 out=128 prefix=0 C=256 prompts=256
ds4flash_tp4_b12xmoe	router	1024	128	0	256	256	35.2	7.28	932	8384	7453	14491	27878	158.0	257.3	256
[17:54:30] promptopt in=512 out=256 prefix=3072 C=16 prompts=64
ds4flash_tp4_b12xmoe	promptopt	512	256	3072	16	64	23.2	2.76	707	10598	9891	886	1603	19.2	22.0	64
[17:55:01] promptopt in=512 out=256 prefix=3072 C=64 prompts=128
ds4flash_tp4_b12xmoe	promptopt	512	256	3072	64	128	25.5	5.02	1285	19282	17996	2703	4676	39.3	46.8	128
[17:55:34] promptopt in=512 out=256 prefix=3072 C=256 prompts=256
ds4flash_tp4_b12xmoe	promptopt	512	256	3072	256	256	30.4	8.43	2158	32375	30217	8460	15277	84.7	110.8	256
[17:56:14] judge in=4096 out=512 prefix=0 C=16 prompts=64
ds4flash_tp4_b12xmoe	judge	4096	512	0	16	64	66.0	0.97	496	4468	3972	3202	7091	26.0	31.3	64
[17:57:28] judge in=4096 out=512 prefix=0 C=64 prompts=128
ds4flash_tp4_b12xmoe	judge	4096	512	0	64	128	91.6	1.4	716	6440	5725	9357	28114	70.9	87.2	128
[17:59:08] judge in=4096 out=512 prefix=0 C=128 prompts=128
ds4flash_tp4_b12xmoe	judge	4096	512	0	128	128	78.7	1.63	833	7496	6664	29175	56629	95.1	146.4	128
[18:00:35] rollout in=8192 out=2048 prefix=0 C=16 prompts=32
ds4flash_tp4_b12xmoe	rollout	8192	2048	0	16	32	107.1	0.3	612	3060	2448	6060	14221	23.2	25.9	32
[18:02:30] rollout in=8192 out=2048 prefix=0 C=64 prompts=64
ds4flash_tp4_b12xmoe	rollout	8192	2048	0	64	64	130.5	0.49	1004	5021	4017	29095	55975	49.2	61.9	64
[18:04:50] PROBE DONE ds4flash_tp4_b12xmoe
