== tools: prepare(profile=default, seed=20260903, refresh=False, opts={})
   tools/parallel_multiple: pool 200, candidate pool 20 (difficulty >= 22.2833), chose 10
   tools/parallel: pool 200, candidate pool 30 (difficulty >= 16.91), chose 15
   tools/multiple: pool 196, candidate pool 30 (difficulty >= 7.2633), chose 15
   tools/simple: pool 304, candidate pool 40 (difficulty >= 5.2267), chose 20
   tools/irrelevance: pool 237, candidate pool 20 (difficulty >= 2.1279), chose 10
   tools/parallel_multiple: n=10 (pool 200)
   tools/parallel: n=15 (pool 200)
   tools/multiple: n=15 (pool 196)
   tools/simple: n=20 (pool 304)
   tools/irrelevance: n=10 (pool 237)
   note: tools: BFCL v3 single-turn AST categories, concentrated hard subsets (not the whole benchmark); acc_official = unweighted mean over simple/multiple/parallel/parallel_multiple (irrelevance separate)
   note: tools: irrelevance counts any non-call response as correct (BFCL semantics), so a model that never calls tools scores 1.0 on that sub-family and 0 on the others
   tools: 70 items -> /workspace/bench/evalsuite/data/items/tools.jsonl (1.4s)
== code: prepare(profile=default, seed=20260903, refresh=False, opts={})
   code/lcb_easy_medium: n=30 (pool easy 43 / medium 51)
   code/humanevalplus: n=25 (pool 60)
   code/mbppplus: n=20 (pool 190)
   note: code: HumanEval+ items are a seeded sample of a curated 60-task hard pool (not the whole benchmark); MBPP+ items are a seeded sample of tasks with >= 3-line canonical solutions
   note: code: HumanEval/32 (find_zero) is excluded: the HF test.jsonl assertion is malformed (unpacks a float) and even the canonical solution violates the find_zero oracle on 7/886 plus inputs, so the task is unpassable as shipped
   note: code: LCB items are easy+medium problems of the newest release window (test6.jsonl), scored on the public tests plus a seeded sample of private tests (<= 24 per problem, first failure stops) with a 10 s wall limit per test; this is not the official LiveCodeBench scorer (which runs every private test)
   note: code: sandbox = python3 -I -X utf8 in a temp dir with RLIMIT_AS 2 GiB / RLIMIT_CPU / RLIMIT_FSIZE 64 MB; no network isolation (the tests do not need network)
   note: code: a candidate that ends the process before the hidden tests run (sys.exit / os._exit / SystemExit) is 'wrong' (kind early_exit), not correct: the driver writes a completion sentinel named by a per-run token it consumes before exec'ing the candidate (forgeable only by code that deliberately introspects the driver); expected integer outputs are compared exactly (float tolerance 1e-6 applies only to float answers) and stdout must match the expected line structure
   code: 75 items -> /workspace/bench/evalsuite/data/items/code.jsonl (8.0s)
== math: prepare(profile=default, seed=20260903, refresh=False, opts={})
   math/aime25: n=30 (pool 30)
   math/hmmt25: n=30 (pool 30)
   math/math500_hard: n=20 (pool 125)
   note: math: exact-equivalence grading (canonical string, then numeric at 1e-9 rel., 1e-12 for bare decimals); decimal approximations of closed forms count as wrong
   note: math/hmmt25: MathArena/hmmt_feb_2025 is cc-by-nc-sa-4.0 and parquet-only; rows fetched via the public datasets-server JSON endpoint
   note: math/math500_hard: level-5 pool filtered to programmatically gradable answers before the seeded sample
   note: math500_hard: 134 level-5 problems, 125 with programmatically gradable answers
   math: 80 items -> /workspace/bench/evalsuite/data/items/math.jsonl (1.1s)
== longctx: prepare(profile=default, seed=20260903, refresh=False, opts={})
   longctx: filler corpus 31 essays, 849868 chars
   longctx/niah_multikey: n=24 (pool synthetic)
   longctx/var_tracking: n=12 (pool synthetic)
   longctx/qa_multi_doc: n=12 (pool 1942)
   note: longctx: synthetic RULER-style items; prompts are assembled at run time to a token budget calibrated against /tokenize (32k items are capped at max_model_len - 1536 - max_tokens), so pair runs only across identical tokenizers
   note: longctx: filler corpus 849868 chars from 31 paulgraham.com essays; 528 SQuAD paragraphs in the item header
   longctx: 48 items -> /workspace/bench/evalsuite/data/items/longctx.jsonl (7.2s)
== knowledge: prepare(profile=default, seed=20260903, refresh=False, opts={})
   knowledge: TIGER-Lab/MMLU-Pro test: 12032 rows, 121 pages
[fetch] attempt 1/5 failed for https://datasets-server.huggingface.co/rows?dataset=TIGER-Lab/MMLU-Pro&config=default&split=test&offset=3100&length=100: HTTP Error 429: Too Many Requests; retry in 3s
[fetch] attempt 2/5 failed for https://datasets-server.huggingface.co/rows?dataset=TIGER-Lab/MMLU-Pro&config=default&split=test&offset=3100&length=100: HTTP Error 429: Too Many Requests; retry in 6s
[fetch] attempt 3/5 failed for https://datasets-server.huggingface.co/rows?dataset=TIGER-Lab/MMLU-Pro&config=default&split=test&offset=3100&length=100: HTTP Error 429: Too Many Requests; retry in 12s
[fetch] attempt 4/5 failed for https://datasets-server.huggingface.co/rows?dataset=TIGER-Lab/MMLU-Pro&config=default&split=test&offset=3100&length=100: HTTP Error 429: Too Many Requests; retry in 24s
[fetch] attempt 5/5 failed for https://datasets-server.huggingface.co/rows?dataset=TIGER-Lab/MMLU-Pro&config=default&split=test&offset=3100&length=100: HTTP Error 429: Too Many Requests; retry in 48s
   knowledge: rate-limited by the rows API (attempt 1); sleeping 60s
[fetch] attempt 1/5 failed for https://datasets-server.huggingface.co/rows?dataset=TIGER-Lab/MMLU-Pro&config=default&split=test&offset=4800&length=100: HTTP Error 502: Bad Gateway; retry in 3s
[fetch] attempt 1/5 failed for https://datasets-server.huggingface.co/rows?dataset=TIGER-Lab/MMLU-Pro&config=default&split=test&offset=5200&length=100: HTTP Error 502: Bad Gateway; retry in 3s
[fetch] attempt 1/5 failed for https://datasets-server.huggingface.co/rows?dataset=TIGER-Lab/MMLU-Pro&config=default&split=test&offset=5900&length=100: HTTP Error 429: Too Many Requests; retry in 3s
[fetch] attempt 2/5 failed for https://datasets-server.huggingface.co/rows?dataset=TIGER-Lab/MMLU-Pro&config=default&split=test&offset=5900&length=100: HTTP Error 429: Too Many Requests; retry in 6s
[fetch] attempt 3/5 failed for https://datasets-server.huggingface.co/rows?dataset=TIGER-Lab/MMLU-Pro&config=default&split=test&offset=5900&length=100: HTTP Error 429: Too Many Requests; retry in 12s
[fetch] attempt 4/5 failed for https://datasets-server.huggingface.co/rows?dataset=TIGER-Lab/MMLU-Pro&config=default&split=test&offset=5900&length=100: HTTP Error 429: Too Many Requests; retry in 24s
[fetch] attempt 5/5 failed for https://datasets-server.huggingface.co/rows?dataset=TIGER-Lab/MMLU-Pro&config=default&split=test&offset=5900&length=100: HTTP Error 429: Too Many Requests; retry in 48s
   knowledge: rate-limited by the rows API (attempt 1); sleeping 60s
