engine ok 0.28.1rc1.dev361+gd4d703caf 0.6.18
[18:26:47] chain: control6000
[20:18:09] chain: fleet2
[20:40:13] chain: roster3
Terminated
[00:34:48] CHAIN6000 DONE
[00:35:22] chain2: control6000 (DSpark arm)
[00:36:53] chain2: fleet2
[02:46:06] CHAIN6000B DONE
[02:46:09] downloading olka-fi/Ling-3.0-flash-NVFP4
[02:49:45] done Ling-3.0-flash-NVFP4 (76G)
[02:49:45] downloading stepfun-ai/Step-3.7-Flash-NVFP4
[02:55:17] done Step-3.7-Flash-NVFP4 (121G)
[02:55:17] downloading nvidia/NVIDIA-Nemotron-3-Super-120B-A12B-NVFP4
[02:58:46] done Nemotron-3-Super-NVFP4 (75G)
[02:58:46] downloading nvidia/Nemotron-3-Super-120B-A12B-BF16-MTPv2
[02:59:06] done Nemotron-3-Super-MTPv2 (5.5G)
[02:59:06] downloading poolside/Laguna-S-2.1-NVFP4
[03:01:08] FAILED Laguna-S-2.1-NVFP4
[03:01:08] downloading poolside/Laguna-S-2.1-DFlash-NVFP4
[03:01:20] done Laguna-S-2.1-DFlash (2.1G)
[03:01:20] downloading mitomtuna/MiMo-V2.5-0703-NVFP4
[03:02:10] FAILED MiMo-V2.5-NVFP4
[03:02:10] downloading RedHatAI/Hy3-NVFP4-FP8
[03:02:41] FAILED Hy3-NVFP4-FP8
[03:02:41] chain3: ksweep retry6000 (throughput)
[10:02:10] chain3b: retry sweep (restarted with the disk guard and the launcher-death check)
