[01:29:37] host: 4x GPU, 97887 MiB each -> util 0.94, max-model-len 40960, max-num-seqs 512
[01:29:37] ########## q27_bf16 (52G, tp=1 x4) : -:- ##########
[01:31:33]     v lin=- moe=- healthy 110s | GPU KV cache size: 889,949 tokens
      kernel: Using FLASHINFER attention backend
quality20[chat]: ok=20 degenerate=0 wrong=0 error=0 -> /workspace/results/probe/q27_bf16_---_quality20.json
    eval: 2026-09-05T02:02:50Z     mmlu_pro_hard    acc=0.825 n=40/40 ci95=[0.680,0.912]
    eval: 2026-09-05T02:02:50Z     simpleqa         acc=0.067 n=30/30 ci95=[0.018,0.213]
    eval: 2026-09-05T02:02:50Z   ifeval     acc=0.917 n=60/60 ci95=[0.819,0.964] out_tok=2878.3 trunc=0.0 err=0 
    eval: 2026-09-05T02:02:50Z     triple           acc=0.958 n=24/24 ci95=[0.798,0.993]
    eval: 2026-09-05T02:02:50Z     double           acc=0.833 n=24/24 ci95=[0.641,0.933]
    eval: 2026-09-05T02:02:50Z     single           acc=1.000 n=12/12 ci95=[0.757,1.000]
    eval: 2026-09-05T02:02:50Z   aggregate  acc_micro=0.806 acc_macro=0.8182 n=403/403 ci95=[0.7651, 0.8421] requests=403 retries=0 out_tok/s=1160.9
    eval: 2026-09-05T02:02:50Z wrote /workspace/results/eval/q27_bf16_---.json, /workspace/results/eval/q27_bf16_---.items.jsonl, +26 rows in /workspace/results/eval/eval_summary.tsv -> exit 0
[02:02:55] ########## q27_nvfp4_quasar_qat (20G, tp=1 x4) : b12x:-,-:- ##########
[02:05:01]     v lin=b12x moe=- healthy 120s | GPU KV cache size: 1,726,526 tokens
      kernel: Using B12xNvFp4LinearKernel for NVFP4 GEMM
      kernel: Using FLASHINFER attention backend
quality20[chat]: ok=19 degenerate=1 wrong=0 error=0 -> /workspace/results/probe/q27_nvfp4_quasar_qat_b12x--_quality20.json
    eval: 2026-09-05T02:20:57Z     mmlu_pro_hard    acc=0.800 n=40/40 ci95=[0.652,0.895]
    eval: 2026-09-05T02:20:57Z     simpleqa         acc=0.033 n=30/30 ci95=[0.006,0.167]
    eval: 2026-09-05T02:20:57Z   ifeval     acc=0.900 n=60/60 ci95=[0.798,0.953] out_tok=3189.8 trunc=0.0167 err=0 
    eval: 2026-09-05T02:20:57Z     triple           acc=0.917 n=24/24 ci95=[0.742,0.977]
    eval: 2026-09-05T02:20:57Z     double           acc=0.833 n=24/24 ci95=[0.641,0.933]
    eval: 2026-09-05T02:20:57Z     single           acc=1.000 n=12/12 ci95=[0.757,1.000]
    eval: 2026-09-05T02:20:57Z   aggregate  acc_micro=0.792 acc_macro=0.8021 n=403/403 ci95=[0.7492, 0.8284] requests=403 retries=0 out_tok/s=2413.3
    eval: 2026-09-05T02:20:57Z wrote /workspace/results/eval/q27_nvfp4_quasar_qat_b12x--.json, /workspace/results/eval/q27_nvfp4_quasar_qat_b12x--.items.jsonl, +26 rows in /workspace/results/eval/eval_summary.tsv -> exit 0
