41 layers, 14.2 GB
  layer 1/41  0.03 GB
    kept 0 files so far
  layer 2/41  0.00 GB
    kept 0 files so far
  layer 3/41  0.10 GB
    kept 0 files so far
  layer 8/41  0.23 GB
    kept 3263 files so far
  layer 9/41  1.56 GB
    kept 3263 files so far
  layer 10/41  0.05 GB
    kept 3285 files so far
  layer 18/41  4.72 GB
    kept 100350 files so far
  layer 19/41  1.70 GB
    kept 102283 files so far
  layer 22/41  0.28 GB
    kept 110601 files so far
  layer 25/41  0.53 GB
    kept 115894 files so far
  layer 28/41  0.01 GB
    kept 115949 files so far
  layer 32/41  0.50 GB
    kept 122508 files so far
  layer 34/41  3.85 GB
    untar failed: FileNotFoundError [Errno 2] No such file or directory: '/workspace/_layer_390166.tmp'
  layer 35/41  0.43 GB
    kept 122592 files so far
  layer 36/41  0.19 GB
    kept 123199 files so far
EXTRACTED 123199 files into /workspace/vllmimg121
  glm5 model files: NONE
